2026-06-02 10:16:35.741925 INFO::Writing function arguments to log file
2026-06-02 10:16:35.74373 DEBUG::Function arguments
2026-06-02 10:16:35.74452 DEBUG::Output folder: /Users/danielcm/Desktop/MIGUT/analysis_may2026/maaslin2/PD_vs_HC_in_females_prev10
2026-06-02 10:16:35.745263 DEBUG::Min Abundance: 0.000000
2026-06-02 10:16:35.746006 DEBUG::Min Prevalence: 0.100000
2026-06-02 10:16:35.7468 DEBUG::Normalization: TSS
2026-06-02 10:16:35.747626 DEBUG::Transform: LOG
2026-06-02 10:16:35.748403 DEBUG::Analysis method: LM
2026-06-02 10:16:35.749171 DEBUG::Max significance: 0.250000
2026-06-02 10:16:35.749894 DEBUG::Random effects:
2026-06-02 10:16:35.750589 DEBUG::Fixed effects: Group
2026-06-02 10:16:35.751416 DEBUG::Correction method: BH
2026-06-02 10:16:35.752138 DEBUG::Standardize: TRUE
2026-06-02 10:16:35.752826 DEBUG::Cores: 8
2026-06-02 10:16:35.753492 INFO::Verifying options selected are valid
2026-06-02 10:16:35.754998 INFO::Determining format of input files
2026-06-02 10:16:35.756464 INFO::Input format is data samples as columns and metadata samples as rows
2026-06-02 10:16:35.761331 DEBUG::Transformed data so samples are rows
2026-06-02 10:16:35.772737 DEBUG::The following samples were found to have features but no metadata. They will be removed. PD_1P_profile,PD_3P_profile,PD_4P_profile,PD_5P_profile,PD_6P_profile,PD_8P_profile,PD_10P_profile,PD_11P_profile,PD_14P_profile,PD_15P_profile,PD_29P_profile,PD_30P_profile,PD_32P_profile,PD_33P_profile,PD_34P_profile,PD_35P_profile,PD_40P_profile,PD_41P_profile,PD_43P_profile,PD_44P_profile,PD_45P_profile,PD_46P_profile,PD_51P_profile,PD_54P_profile,PD_55P_profile,PD_57P_profile,PD_58P_profile,PD_60P_profile,PD_63P_profile,PD_64P_profile,PD_66P_profile,PD_70P_profile,PD_73P_profile,PD_74P_profile,PD_76P_profile,PD_77P_profile,PD_79S_profile,PD_82P_profile,PD_100P_profile,PD_105P_profile,PD_108S_profile,PD_109S_profile,PD_110S_profile,PD_111P_profile,PD_114P_profile,PD_117_profile,PD_118_profile,PD_120S_profile,PD_122S_profile,PD_126P_profile,PD_128S_profile,PD_131P_profile,PD_137P_profile,PD_140S_profile,PD_141P_profile,PD_146S_profile,PD_147_profile,PD_148P_profile,PD_150P_profile,PD_152P_profile,PD_156P_profile,PD_158P_profile,PD_160P_profile,PD_162P_profile,PD_165S_profile,PD_166_profile,PD_170S_profile,PD_171P_profile,PD_173P_profile,PD_176S_profile,PD_178S_profile,PD_179P_profile,PD_184S_profile,PD_188S_profile,PD_189P_profile,PD_193P_profile,PD_195_profile,PD_196_profile,PD_197_profile,PD_198_profile,PD_200S_profile,PD_203_profile,PD_204_profile,PD_206S_profile,PD_207P_profile,PD_210S_profile,PD_214S_profile,PD_221P_profile,PD_223P_profile,PD_225P_profile,PD_227P_profile,PD_230S_profile,PD_231P_profile
2026-06-02 10:16:35.773757 DEBUG::The following samples were found to have metadata but no features. They will be removed. PD_17P_profile,PD_19P_profile,PD_21P_profile,PD_81P_profile,PD_83P_profile,PD_107P_profile,PD_112P_profile,PD_118P_profile,PD_161P_profile,PD_166P_profile,PD_187P_profile,PD_191P_profile,PD_196P_profile,PD_198P_profile,PD_199P_profile,PD_204P_profile,PD_212P_profile,PD_216P_profile,PD_218P_profile
2026-06-02 10:16:35.774761 DEBUG::A total of 65 samples were found in both the data and metadata
2026-06-02 10:16:35.775485 DEBUG::Reordering data/metadata to use same sample ordering
2026-06-02 10:16:35.781309 INFO::Formula for fixed effects: expr ~  Group
2026-06-02 10:16:35.78308 INFO::Filter data based on min abundance and min prevalence
2026-06-02 10:16:35.784391 INFO::Total samples in data: 65
2026-06-02 10:16:35.785821 INFO::Min samples required with min abundance for a feature not to be filtered: 6.500000
2026-06-02 10:16:35.791983 INFO::Total filtered features: 48
2026-06-02 10:16:35.793794 INFO::Filtered feature names from abundance and prevalence filtering: d__Bacteria.p__Actinomycetota.c__Actinomycetes.o__Actinomycetales.f__Actinomycetaceae.g__Pauljensenia.s__Pauljensenia.sp905370305, d__Bacteria.p__Bacillota_A.c__Clostridia.o__Christensenellales.f__Aristaeellaceae.g__Fimadaptatus.s__Fimadaptatus.faecigallinarum, d__Bacteria.p__Bacillota_A.c__Clostridia.o__Christensenellales.f__Aristaeellaceae.g__Pullichristensenella.s__Pullichristensenella.excrementipullorum, d__Bacteria.p__Bacillota_A.c__Clostridia.o__Christensenellales.f__Aristaeellaceae.g__RUG11247.s__RUG11247.sp902767315, d__Bacteria.p__Bacillota_A.c__Clostridia.o__Christensenellales.f__CAG.138.g__UBA1685.s__UBA1685.sp002320595, d__Bacteria.p__Bacillota_A.c__Clostridia.o__Christensenellales.f__UMGS416.g__Parachristensenella.s__Parachristensenella.sp900542005, d__Bacteria.p__Bacillota_A.c__Clostridia.o__Lachnospirales.f__CAG.274.g__CAG.274.s__CAG.274.sp900545305, d__Bacteria.p__Bacillota_A.c__Clostridia.o__Lachnospirales.f__Lachnospiraceae.g__AF33.28.s__AF33.28.sp003477885, d__Bacteria.p__Bacillota_A.c__Clostridia.o__Lachnospirales.f__Lachnospiraceae.g__Agathobacter.s__Agathobacter.sp000434275, d__Bacteria.p__Bacillota_A.c__Clostridia.o__Lachnospirales.f__Lachnospiraceae.g__Blautia_A.s__Blautia_A.sp900551715, d__Bacteria.p__Bacillota_A.c__Clostridia.o__Lachnospirales.f__Lachnospiraceae.g__CAJJNI01.s__CAJJNI01.sp905193085, d__Bacteria.p__Bacillota_A.c__Clostridia.o__Lachnospirales.f__Lachnospiraceae.g__Coprococcus.s__Coprococcus.ammoniilyticus, d__Bacteria.p__Bacillota_A.c__Clostridia.o__Lachnospirales.f__Lachnospiraceae.g__Frisingicoccus.s__Frisingicoccus.sp900757195, d__Bacteria.p__Bacillota_A.c__Clostridia.o__Lachnospirales.f__Lachnospiraceae.g__Muricoprocola.s__Muricoprocola.shaoxingensis, d__Bacteria.p__Bacillota_A.c__Clostridia.o__Oscillospirales.f__Acutalibacteraceae.g__Anaeromassilibacillus.s__Anaeromassilibacillus.sp001305115, d__Bacteria.p__Bacillota_A.c__Clostridia.o__Oscillospirales.f__Acutalibacteraceae.g__Eubacterium_R.s__Eubacterium_R.sp000436835, d__Bacteria.p__Bacillota_A.c__Clostridia.o__Oscillospirales.f__Acutalibacteraceae.g__Solibaculum.s__Solibaculum.mannosilyticum, d__Bacteria.p__Bacillota_A.c__Clostridia.o__Oscillospirales.f__Butyricicoccaceae.g__Agathobaculum.s__Agathobaculum.ammoniilyticum, d__Bacteria.p__Bacillota_A.c__Clostridia.o__Oscillospirales.f__Butyricicoccaceae.g__Butyricicoccus_A.s__Butyricicoccus_A.intestinisimiae, d__Bacteria.p__Bacillota_A.c__Clostridia.o__Oscillospirales.f__CAG.272.g__UMGS1696.s__UMGS1696.sp900753285, d__Bacteria.p__Bacillota_A.c__Clostridia.o__Oscillospirales.f__Oscillospiraceae.g__CAG.170.s__CAG.170.sp900553545, d__Bacteria.p__Bacillota_A.c__Clostridia.o__Oscillospirales.f__Oscillospiraceae.g__Hominicoprocola.s__Hominicoprocola.sp003522105, d__Bacteria.p__Bacillota_A.c__Clostridia.o__Oscillospirales.f__Oscillospiraceae.g__Lawsonibacter.s__Lawsonibacter.aceti, d__Bacteria.p__Bacillota_A.c__Clostridia.o__Oscillospirales.f__Oscillospiraceae.g__Pseudoscilispira.s__Pseudoscilispira.sp018369915, d__Bacteria.p__Bacillota_A.c__Clostridia.o__Oscillospirales.f__Oscillospiraceae.g__Scatomorpha.s__Scatomorpha.merdavium, d__Bacteria.p__Bacillota_A.c__Clostridia.o__Oscillospirales.f__Oscillospiraceae.g__UMGS1766.s__UMGS1766.sp900554855, d__Bacteria.p__Bacillota_A.c__Clostridia.o__Oscillospirales.f__Ruminococcaceae.g__Anaerotruncus.s__Anaerotruncus.rubiinfantis, d__Bacteria.p__Bacillota_A.c__Clostridia.o__Oscillospirales.f__Ruminococcaceae.g__HGM13222.s__HGM13222.sp900757485, d__Bacteria.p__Bacillota_A.c__Clostridia.o__Oscillospirales.f__Ruminococcaceae.g__Harryflintia.s__Harryflintia.acetispora, d__Bacteria.p__Bacillota_A.c__Clostridia.o__Oscillospirales.f__Ruminococcaceae.g__Ruminococcus_C.s__Ruminococcus_C.sp000433635, d__Bacteria.p__Bacillota_A.c__Clostridia.o__Oscillospirales.f__Ruminococcaceae.g__Ruminococcus_C.s__Ruminococcus_C.sp000980705, d__Bacteria.p__Bacillota_A.c__Clostridia.o__Oscillospirales.f__Ruminococcaceae.g__Ruthenibacterium.s__, d__Bacteria.p__Bacillota_A.c__Clostridia.o__Oscillospirales.f__Ruminococcaceae.g__Zongyangia.s__Zongyangia.gallinarum, d__Bacteria.p__Bacillota_A.c__Clostridia.o__Oscillospirales.f__UMGS1783.g__UMGS1783.s__UMGS1783.sp900555065, d__Bacteria.p__Bacillota_A.c__Clostridia.o__Peptostreptococcales.f__Peptostreptococcaceae.g__Intestinibacter.s__Intestinibacter.sp900540355, d__Bacteria.p__Bacillota_A.c__Clostridia.o__TANB77.f__CAG.508.g__CAG.269.s__CAG.269.sp000431335, d__Bacteria.p__Bacillota_A.c__Clostridia.o__TANB77.f__CAG.508.g__CAG.269.s__CAG.269.sp000437215, d__Bacteria.p__Bacillota_C.c__Negativicutes.o__Acidaminococcales.f__Acidaminococcaceae.g__Acidaminococcus.s__Acidaminococcus.intestini, d__Bacteria.p__Bacillota_I.c__Bacilli_A.o__Erysipelotrichales.f__Coprobacillaceae.g__Coprobacillus.s__Coprobacillus.cateniformis, d__Bacteria.p__Bacillota_I.c__Bacilli_A.o__Erysipelotrichales.f__Erysipelotrichaceae.g__Holdemanella.s__Holdemanella.porci, d__Bacteria.p__Bacillota_I.c__Bacilli_A.o__ML615J.28.f__CAG.313.g__CAG.313.s__CAG.313.sp000433035, d__Bacteria.p__Bacteroidota.c__Bacteroidia.o__Bacteroidales.f__Bacteroidaceae.g__Bacteroides.s__Bacteroides.salyersiae, d__Bacteria.p__Bacteroidota.c__Bacteroidia.o__Bacteroidales.f__Bacteroidaceae.g__Paraprevotella.s__Paraprevotella.clara, d__Bacteria.p__Desulfobacterota.c__Desulfovibrionia.o__Desulfovibrionales.f__Desulfovibrionaceae.g__Mailhella.s__Mailhella.merdigallinarum, d__Bacteria.p__Pseudomonadota.c__Gammaproteobacteria.o__Burkholderiales.f__Burkholderiaceae.g__Parasutterella.s__Parasutterella.gallistercoris, d__Bacteria.p__Pseudomonadota.c__Gammaproteobacteria.o__Burkholderiales.f__Burkholderiaceae.g__Sutterella.s__Sutterella.wadsworthensis, d__Bacteria.p__Pseudomonadota.c__Gammaproteobacteria.o__Burkholderiales.f__Burkholderiaceae.g__Sutterella.s__Sutterella.wadsworthensis_A, d__Bacteria.p__Synergistota.c__Synergistia.o__Synergistales.f__Synergistaceae.g__Cloacibacillus.s__Cloacibacillus.evryensis
2026-06-02 10:16:35.802047 INFO::Total filtered features with variance filtering: 0
2026-06-02 10:16:35.803598 INFO::Filtered feature names from variance filtering:
2026-06-02 10:16:35.80492 INFO::Running selected normalization method: TSS
2026-06-02 10:16:35.810688 INFO::Applying z-score to standardize continuous metadata
2026-06-02 10:16:35.814252 INFO::Running selected transform method: LOG
2026-06-02 10:16:35.822421 INFO::Running selected analysis method: LM
2026-06-02 10:16:35.824002 INFO::Creating cluster of 8 R processes
2026-06-02 10:16:42.782889 INFO::Counting total values for each feature
2026-06-02 10:16:42.795769 INFO::Writing filtered data to file /Users/danielcm/Desktop/MIGUT/analysis_may2026/maaslin2/PD_vs_HC_in_females_prev10/features/filtered_data.tsv
2026-06-02 10:16:42.81326 INFO::Writing filtered, normalized data to file /Users/danielcm/Desktop/MIGUT/analysis_may2026/maaslin2/PD_vs_HC_in_females_prev10/features/filtered_data_norm.tsv
2026-06-02 10:16:42.838771 INFO::Writing filtered, normalized, transformed data to file /Users/danielcm/Desktop/MIGUT/analysis_may2026/maaslin2/PD_vs_HC_in_females_prev10/features/filtered_data_norm_transformed.tsv
2026-06-02 10:16:42.872288 INFO::Writing residuals to file /Users/danielcm/Desktop/MIGUT/analysis_may2026/maaslin2/PD_vs_HC_in_females_prev10/fits/residuals.rds
2026-06-02 10:16:42.878976 INFO::Writing fitted values to file /Users/danielcm/Desktop/MIGUT/analysis_may2026/maaslin2/PD_vs_HC_in_females_prev10/fits/fitted.rds
2026-06-02 10:16:42.882665 INFO::Writing all results to file (ordered by increasing q-values): /Users/danielcm/Desktop/MIGUT/analysis_may2026/maaslin2/PD_vs_HC_in_females_prev10/all_results.tsv
2026-06-02 10:16:42.886066 INFO::Writing the significant results (those which are less than or equal to the threshold of 0.250000 ) to file (ordered by increasing q-values): /Users/danielcm/Desktop/MIGUT/analysis_may2026/maaslin2/PD_vs_HC_in_females_prev10/significant_results.tsv
2026-06-02 10:16:42.887608 INFO::Writing heatmap of significant results to file: /Users/danielcm/Desktop/MIGUT/analysis_may2026/maaslin2/PD_vs_HC_in_females_prev10/heatmap.pdf
