2026-06-02 10:16:07.202064 INFO::Writing function arguments to log file
2026-06-02 10:16:07.204129 DEBUG::Function arguments
2026-06-02 10:16:07.204754 DEBUG::Output folder: /Users/danielcm/Desktop/MIGUT/analysis_may2026/maaslin2/PD_vs_HC_in_males_prev10
2026-06-02 10:16:07.205431 DEBUG::Min Abundance: 0.000000
2026-06-02 10:16:07.206035 DEBUG::Min Prevalence: 0.100000
2026-06-02 10:16:07.206616 DEBUG::Normalization: TSS
2026-06-02 10:16:07.207214 DEBUG::Transform: LOG
2026-06-02 10:16:07.207809 DEBUG::Analysis method: LM
2026-06-02 10:16:07.208408 DEBUG::Max significance: 0.250000
2026-06-02 10:16:07.209025 DEBUG::Random effects:
2026-06-02 10:16:07.209631 DEBUG::Fixed effects: Group
2026-06-02 10:16:07.210228 DEBUG::Correction method: BH
2026-06-02 10:16:07.210809 DEBUG::Standardize: TRUE
2026-06-02 10:16:07.211395 DEBUG::Cores: 8
2026-06-02 10:16:07.211964 INFO::Verifying options selected are valid
2026-06-02 10:16:07.213165 INFO::Determining format of input files
2026-06-02 10:16:07.214409 INFO::Input format is data samples as columns and metadata samples as rows
2026-06-02 10:16:07.220114 DEBUG::Transformed data so samples are rows
2026-06-02 10:16:07.230009 DEBUG::The following samples were found to have features but no metadata. They will be removed. PD_2P_profile,PD_7P_profile,PD_9P_profile,PD_12P_profile,PD_13P_profile,PD_16P_profile,PD_25P_profile,PD_27P_profile,PD_31P_profile,PD_38P_profile,PD_39P_profile,PD_40P_profile,PD_42P_profile,PD_47P_profile,PD_48P_profile,PD_52P_profile,PD_53P_profile,PD_56P_profile,PD_59P_profile,PD_65P_profile,PD_70P_profile,PD_75P_profile,PD_78P_profile,PD_84P_profile,PD_104P_profile,PD_113P_profile,PD_115S_profile,PD_116P_profile,PD_117_profile,PD_118_profile,PD_119P_profile,PD_121S_profile,PD_123P_profile,PD_127S_profile,PD_129P_profile,PD_130S_profile,PD_134S_profile,PD_138S_profile,PD_142S_profile,PD_145P_profile,PD_147_profile,PD_149S_profile,PD_151S_profile,PD_153S_profile,PD_157S_profile,PD_159S_profile,PD_163S_profile,PD_164P_profile,PD_166_profile,PD_167P_profile,PD_169P_profile,PD_172S_profile,PD_174S_profile,PD_175P_profile,PD_177P_profile,PD_180S_profile,PD_181P_profile,PD_183P_profile,PD_190S_profile,PD_194S_profile,PD_195_profile,PD_196_profile,PD_197_profile,PD_198_profile,PD_203_profile,PD_204_profile,PD_205P_profile,PD_208S_profile,PD_209P_profile,PD_213S_profile,PD_215S_profile,PD_222S_profile,PD_224S_profile,PD_226S_profile,PD_228S_profile,PD_229P_profile,PD_232S_profile
2026-06-02 10:16:07.230935 DEBUG::The following samples were found to have metadata but no features. They will be removed. PD_18P_profile,PD_20P_profile,PD_22P_profile,PD_23P_profile,PD_24P_profile,PD_26P_profile,PD_28P_profile,PD_36P_profile,PD_50P_profile,PD_117P_profile,PD_147P_profile,PD_168P_profile,PD_182P_profile,PD_192P_profile,PD_195P_profile,PD_197P_profile,PD_203P_profile,PD_211P_profile,PD_217P_profile
2026-06-02 10:16:07.231684 DEBUG::A total of 81 samples were found in both the data and metadata
2026-06-02 10:16:07.232319 DEBUG::Reordering data/metadata to use same sample ordering
2026-06-02 10:16:07.237652 INFO::Formula for fixed effects: expr ~  Group
2026-06-02 10:16:07.239148 INFO::Filter data based on min abundance and min prevalence
2026-06-02 10:16:07.240271 INFO::Total samples in data: 81
2026-06-02 10:16:07.241649 INFO::Min samples required with min abundance for a feature not to be filtered: 8.100000
2026-06-02 10:16:07.247076 INFO::Total filtered features: 43
2026-06-02 10:16:07.248518 INFO::Filtered feature names from abundance and prevalence filtering: d__Bacteria.p__Actinomycetota.c__Actinomycetes.o__Actinomycetales.f__Actinomycetaceae.g__Pauljensenia.s__Pauljensenia.sp905370305, d__Bacteria.p__Actinomycetota.c__Actinomycetes.o__Actinomycetales.f__Bifidobacteriaceae.g__Bifidobacterium.s__Bifidobacterium.dentium, d__Bacteria.p__Actinomycetota.c__Coriobacteriia.o__Coriobacteriales.f__Eggerthellaceae.g__Gordonibacter.s__Gordonibacter.urolithinfaciens, d__Bacteria.p__Actinomycetota.c__Coriobacteriia.o__Coriobacteriales.f__Eggerthellaceae.g__Senegalimassilia.s__Senegalimassilia.anaerobia, d__Bacteria.p__Bacillota.c__Bacilli.o__Lactobacillales.f__Streptococcaceae.g__Streptococcus.s__Streptococcus.sp004166885, d__Bacteria.p__Bacillota_A.c__Clostridia.o__Christensenellales.f__Aristaeellaceae.g__Fimadaptatus.s__Fimadaptatus.faecigallinarum, d__Bacteria.p__Bacillota_A.c__Clostridia.o__Christensenellales.f__Aristaeellaceae.g__Pullichristensenella.s__Pullichristensenella.excrementipullorum, d__Bacteria.p__Bacillota_A.c__Clostridia.o__Lachnospirales.f__Lachnospiraceae.g__Brotaphodocola.s__, d__Bacteria.p__Bacillota_A.c__Clostridia.o__Lachnospirales.f__Lachnospiraceae.g__Coprococcus.s__Coprococcus.ammoniilyticus, d__Bacteria.p__Bacillota_A.c__Clostridia.o__Lachnospirales.f__Lachnospiraceae.g__Eisenbergiella.s__Eisenbergiella.porci, d__Bacteria.p__Bacillota_A.c__Clostridia.o__Lachnospirales.f__Lachnospiraceae.g__Hungatella.s__Hungatella.effluvii, d__Bacteria.p__Bacillota_A.c__Clostridia.o__Lachnospirales.f__Lachnospiraceae.g__JAGTTR01.s__JAGTTR01.sp018223385, d__Bacteria.p__Bacillota_A.c__Clostridia.o__Lachnospirales.f__Lachnospiraceae.g__JAGZHZ01.s__JAGZHZ01.sp018366495, d__Bacteria.p__Bacillota_A.c__Clostridia.o__Lachnospirales.f__Lachnospiraceae.g__Jutongia.s__Jutongia.sp003524945, d__Bacteria.p__Bacillota_A.c__Clostridia.o__Lachnospirales.f__Lachnospiraceae.g__Massilistercora.s__Massilistercora.sp902406105, d__Bacteria.p__Bacillota_A.c__Clostridia.o__Lachnospirales.f__Lachnospiraceae.g__Oliverpabstia.s__Oliverpabstia.faecicola, d__Bacteria.p__Bacillota_A.c__Clostridia.o__Lachnospirales.f__Lachnospiraceae.g__Otoolea.s__Otoolea.symbiosa, d__Bacteria.p__Bacillota_A.c__Clostridia.o__Lachnospirales.f__Lachnospiraceae.g__Schaedlerella.s__Schaedlerella.hominis, d__Bacteria.p__Bacillota_A.c__Clostridia.o__Lachnospirales.f__Lachnospiraceae.g__Ventrisoma.s__Ventrisoma.faecale, d__Bacteria.p__Bacillota_A.c__Clostridia.o__Oscillospirales.f__Acutalibacteraceae.g__Anaeromassilibacillus.s__Anaeromassilibacillus.sp001305115, d__Bacteria.p__Bacillota_A.c__Clostridia.o__Oscillospirales.f__Acutalibacteraceae.g__Avimonas_A.s__Avimonas_A.narfia, d__Bacteria.p__Bacillota_A.c__Clostridia.o__Oscillospirales.f__Acutalibacteraceae.g__Hominenteromicrobium.s__Hominenteromicrobium.sp900549945, d__Bacteria.p__Bacillota_A.c__Clostridia.o__Oscillospirales.f__Acutalibacteraceae.g__Solibaculum.s__Solibaculum.mannosilyticum, d__Bacteria.p__Bacillota_A.c__Clostridia.o__Oscillospirales.f__Acutalibacteraceae.g__UMGS856.s__UMGS856.sp900546265, d__Bacteria.p__Bacillota_A.c__Clostridia.o__Oscillospirales.f__Butyricicoccaceae.g__Butyricicoccus_A.s__Butyricicoccus_A.intestinisimiae, d__Bacteria.p__Bacillota_A.c__Clostridia.o__Oscillospirales.f__Oscillospiraceae.g__Lawsonibacter.s__Lawsonibacter.sp900066825, d__Bacteria.p__Bacillota_A.c__Clostridia.o__Oscillospirales.f__Oscillospiraceae.g__Pseudoflavonifractor.s__Pseudoflavonifractor.faecis, d__Bacteria.p__Bacillota_A.c__Clostridia.o__Oscillospirales.f__Oscillospiraceae.g__Scatomorpha.s__Scatomorpha.merdavium, d__Bacteria.p__Bacillota_A.c__Clostridia.o__Oscillospirales.f__Oscillospiraceae.g__Vescimonas.s__Vescimonas.sp003539495, d__Bacteria.p__Bacillota_A.c__Clostridia.o__Oscillospirales.f__Oscillospiraceae.g__Vescimonas.s__Vescimonas.sp900552475, d__Bacteria.p__Bacillota_A.c__Clostridia.o__Oscillospirales.f__Ruminococcaceae.g__HGM13222.s__HGM13222.sp900757485, d__Bacteria.p__Bacillota_A.c__Clostridia.o__Oscillospirales.f__Ruminococcaceae.g__Ruminococcus_C.s__Ruminococcus_C.sp000433635, d__Bacteria.p__Bacillota_A.c__Clostridia.o__Oscillospirales.f__Ruminococcaceae.g__Ruthenibacterium.s__Ruthenibacterium.merdipullorum, d__Bacteria.p__Bacillota_A.c__Clostridia.o__Oscillospirales.f__UBA644.g__UBA644.s__UBA644.sp900547165, d__Bacteria.p__Bacillota_A.c__Clostridia.o__Peptostreptococcales.f__Anaerovoracaceae.g__CAG.238.s__CAG.238.sp900542245, d__Bacteria.p__Bacillota_A.c__Clostridia.o__Peptostreptococcales.f__Anaerovoracaceae.g__Emergencia.s__Emergencia.timonensis, d__Bacteria.p__Bacillota_A.c__Clostridia.o__TANB77.f__CAG.508.g__CAG.269.s__CAG.269.sp001916005, d__Bacteria.p__Bacillota_A.c__Clostridia.o__TANB77.f__CAG.508.g__Merdicola.s__Merdicola.sp018371855, d__Bacteria.p__Bacillota_I.c__Bacilli_A.o__Erysipelotrichales.f__Coprobacillaceae.g__Allocoprobacillus.s__Allocoprobacillus.merdigallinarum, d__Bacteria.p__Bacillota_I.c__Bacilli_A.o__Erysipelotrichales.f__Erysipelotrichaceae.g__Merdibacter.s__Merdibacter.merdipullorum, d__Bacteria.p__Cyanobacteriota.c__Vampirovibrionia.o__Gastranaerophilales.f__Gastranaerophilaceae.g__CAG.196.s__CAG.196.sp002102975, d__Bacteria.p__Desulfobacterota.c__Desulfovibrionia.o__Desulfovibrionales.f__Desulfovibrionaceae.g__Mailhella.s__Mailhella.merdigallinarum, d__Bacteria.p__Synergistota.c__Synergistia.o__Synergistales.f__Synergistaceae.g__Cloacibacillus.s__Cloacibacillus.evryensis
2026-06-02 10:16:07.255521 INFO::Total filtered features with variance filtering: 0
2026-06-02 10:16:07.256969 INFO::Filtered feature names from variance filtering:
2026-06-02 10:16:07.258201 INFO::Running selected normalization method: TSS
2026-06-02 10:16:07.26378 INFO::Applying z-score to standardize continuous metadata
2026-06-02 10:16:07.266813 INFO::Running selected transform method: LOG
2026-06-02 10:16:07.275181 INFO::Running selected analysis method: LM
2026-06-02 10:16:07.276533 INFO::Creating cluster of 8 R processes
2026-06-02 10:16:14.765765 INFO::Counting total values for each feature
2026-06-02 10:16:14.794999 INFO::Writing filtered data to file /Users/danielcm/Desktop/MIGUT/analysis_may2026/maaslin2/PD_vs_HC_in_males_prev10/features/filtered_data.tsv
2026-06-02 10:16:14.819769 INFO::Writing filtered, normalized data to file /Users/danielcm/Desktop/MIGUT/analysis_may2026/maaslin2/PD_vs_HC_in_males_prev10/features/filtered_data_norm.tsv
2026-06-02 10:16:14.85227 INFO::Writing filtered, normalized, transformed data to file /Users/danielcm/Desktop/MIGUT/analysis_may2026/maaslin2/PD_vs_HC_in_males_prev10/features/filtered_data_norm_transformed.tsv
2026-06-02 10:16:14.892337 INFO::Writing residuals to file /Users/danielcm/Desktop/MIGUT/analysis_may2026/maaslin2/PD_vs_HC_in_males_prev10/fits/residuals.rds
2026-06-02 10:16:14.902249 INFO::Writing fitted values to file /Users/danielcm/Desktop/MIGUT/analysis_may2026/maaslin2/PD_vs_HC_in_males_prev10/fits/fitted.rds
2026-06-02 10:16:14.90656 INFO::Writing all results to file (ordered by increasing q-values): /Users/danielcm/Desktop/MIGUT/analysis_may2026/maaslin2/PD_vs_HC_in_males_prev10/all_results.tsv
2026-06-02 10:16:14.91085 INFO::Writing the significant results (those which are less than or equal to the threshold of 0.250000 ) to file (ordered by increasing q-values): /Users/danielcm/Desktop/MIGUT/analysis_may2026/maaslin2/PD_vs_HC_in_males_prev10/significant_results.tsv
2026-06-02 10:16:14.912486 INFO::Writing heatmap of significant results to file: /Users/danielcm/Desktop/MIGUT/analysis_may2026/maaslin2/PD_vs_HC_in_males_prev10/heatmap.pdf
