[2026-05-12 09:28:17,527] multiqc                                            [DEBUG  ]  No MultiQC config found: /home/daniel.castanedamogo/anaconda3/envs/multiqc/lib/python2.7/site-packages/multiqc-1.0.dev0-py2.7.egg/multiqc_config.yaml
[2026-05-12 09:28:17,527] multiqc                                            [DEBUG  ]  No MultiQC config found: /home/daniel.castanedamogo/.multiqc_config.yaml
[2026-05-12 09:28:17,527] multiqc                                            [DEBUG  ]  No MultiQC config found: multiqc_config.yaml
[2026-05-12 09:28:17,527] multiqc                                            [DEBUG  ]  Command used: /home/daniel.castanedamogo/anaconda3/envs/multiqc/bin/multiqc . -o ../multiqc/multiqc_bbduk_adapters/ -f
[2026-05-12 09:28:17,527] multiqc                                            [DEBUG  ]  Could not connect to multiqc.info for version check
[2026-05-12 09:28:17,527] multiqc                                            [INFO   ]  This is MultiQC v1.0.dev0
[2026-05-12 09:28:17,527] multiqc                                            [DEBUG  ]  Command     : /home/daniel.castanedamogo/anaconda3/envs/multiqc/bin/multiqc . -o ../multiqc/multiqc_bbduk_adapters/ -f
[2026-05-12 09:28:17,527] multiqc                                            [DEBUG  ]  Working dir : /bulk/IMCshared_bulk/daniel/parkinsons/novaseq/results_0526/fastqc_bbduk_adapt
[2026-05-12 09:28:17,527] multiqc                                            [INFO   ]  Template    : default
[2026-05-12 09:28:17,527] multiqc                                            [DEBUG  ]  Running in --force mode, will overwrite any existing reports.
[2026-05-12 09:28:17,527] multiqc                                            [INFO   ]  Searching '.'
[2026-05-12 09:28:17,527] multiqc                                            [DEBUG  ]  Analysing modules: custom_content, peddy, methylQA, qualimap, preseq, quast, rseqc, busco, goleft_indexcov, snpeff, gatk, htseq, bcftools, featureCounts, picard, prokka, samblaster, samtools, bamtools, bismark, hicup, salmon, kallisto, slamdunk, star, tophat, bowtie2, bowtie1, cutadapt, trimmomatic, skewer, fastq_screen, fastqc, clusterflow
[2026-05-12 09:28:17,530] multiqc                                            [DEBUG  ]  Using temporary directory for creating report: /home/daniel.castanedamogo/tmp/tmpQ2QKIS
[2026-05-12 09:28:18,673] multiqc.modules.custom_content.custom_content      [DEBUG  ]  No custom content found
[2026-05-12 09:28:18,788] multiqc.modules.peddy.peddy                        [DEBUG  ]  Could not find any reports in ('.',)
[2026-05-12 09:28:18,836] multiqc.modules.methylQA.methylQA                  [DEBUG  ]  Could not find any reports in ('.',)
[2026-05-12 09:28:18,882] multiqc.modules.qualimap.QM_BamQC                  [DEBUG  ]  Using default Qualimap thresholds: 1, 5, 10, 30, 50
[2026-05-12 09:28:19,044] multiqc.modules.qualimap.qualimap                  [DEBUG  ]  Could not find any reports in ('.',)
[2026-05-12 09:28:20,178] multiqc.modules.preseq.preseq                      [DEBUG  ]  Could not find any preseq data in ('.',)
[2026-05-12 09:28:20,221] multiqc.modules.quast.quast                        [DEBUG  ]  Could not find any reports in ('.',)
[2026-05-12 09:28:24,044] multiqc.modules.rseqc.rseqc                        [DEBUG  ]  Could not find any reports in ('.',)
[2026-05-12 09:28:24,081] multiqc.modules.busco.busco                        [DEBUG  ]  Could not find any reports in ('.',)
[2026-05-12 09:28:24,144] multiqc.modules.goleft_indexcov.goleft_indexcov    [DEBUG  ]  Did not find goleft indexcov outputs in ('.',)
[2026-05-12 09:28:25,097] multiqc.modules.snpeff.snpeff                      [DEBUG  ]  Could not find any data in ('.',)
[2026-05-12 09:28:26,056] multiqc.modules.gatk.gatk                          [DEBUG  ]  Could not find any reports in ('.',)
[2026-05-12 09:28:27,003] multiqc.modules.htseq.htseq                        [DEBUG  ]  Could not find any reports in ('.',)
[2026-05-12 09:28:27,927] multiqc.modules.bcftools.bcftools                  [DEBUG  ]  Could not find any reports in ('.',)
[2026-05-12 09:28:27,965] multiqc.modules.featureCounts.feature_counts       [DEBUG  ]  Could not find any reports in ('.',)
[2026-05-12 09:28:37,235] multiqc.modules.picard.picard                      [DEBUG  ]  Could not find any reports in ('.',)
[2026-05-12 09:28:37,270] multiqc.modules.prokka.prokka                      [DEBUG  ]  Could not find any Prokka data in ('.',)
[2026-05-12 09:28:38,221] multiqc.modules.samblaster.samblaster              [DEBUG  ]  Could not find any data in ('.',)
[2026-05-12 09:28:41,074] multiqc.modules.samtools.samtools                  [DEBUG  ]  Could not find any reports in ('.',)
[2026-05-12 09:28:42,025] multiqc.modules.bamtools.bamtools                  [DEBUG  ]  Could not find any reports in ('.',)
[2026-05-12 09:28:42,171] multiqc.modules.bismark.bismark                    [DEBUG  ]  Could not find any reports in ('.',)
[2026-05-12 09:28:42,209] multiqc.modules.hicup.hicup                        [DEBUG  ]  Could not find any HiCUP data in ('.',)
[2026-05-12 09:28:42,275] multiqc.modules.salmon.salmon                      [DEBUG  ]  Could not find any Salmon data in ('.',)
[2026-05-12 09:28:43,212] multiqc.modules.kallisto.kallisto                  [DEBUG  ]  Could not find any reports in ('.',)
[2026-05-12 09:28:48,935] multiqc.modules.slamdunk.slamdunk                  [DEBUG  ]  No slamdunk reports found.
[2026-05-12 09:28:48,998] multiqc.modules.star.star                          [DEBUG  ]  Could not find any reports in ('.',)
[2026-05-12 09:28:49,032] multiqc.modules.tophat.tophat                      [DEBUG  ]  Could not find any reports in ('.',)
[2026-05-12 09:28:49,991] multiqc.modules.bowtie2.bowtie2                    [DEBUG  ]  Could not find any reports in ('.',)
[2026-05-12 09:28:50,959] multiqc.modules.bowtie1.bowtie1                    [DEBUG  ]  Could not find any reports in ('.',)
[2026-05-12 09:28:51,956] multiqc.modules.cutadapt.cutadapt                  [DEBUG  ]  Could not find any reports in ('.',)
[2026-05-12 09:28:52,944] multiqc.modules.trimmomatic.trimmomatic            [DEBUG  ]  Could not find any Trimmomatic data in ('.',)
[2026-05-12 09:28:53,913] multiqc.modules.skewer.skewer                      [DEBUG  ]  Could not find any data in ('.',)
[2026-05-12 09:28:53,958] multiqc.modules.fastq_screen.fastq_screen          [DEBUG  ]  Could not find any reports in ('.',)
[2026-05-12 09:30:03,021] multiqc.modules.fastqc.fastqc                      [INFO   ]  Found 372 reports
[2026-05-12 09:30:26,640] multiqc.modules.clusterflow.clusterflow            [DEBUG  ]  Could not find any reports in ('.',)
[2026-05-12 09:30:26,664] multiqc                                            [WARNING]  Deleting    : ../multiqc/multiqc_bbduk_adapters/multiqc_report.html   (-f was specified)
[2026-05-12 09:30:26,668] multiqc                                            [INFO   ]  Report      : ../multiqc/multiqc_bbduk_adapters/multiqc_report.html
[2026-05-12 09:30:26,668] multiqc                                            [WARNING]  Deleting    : ../multiqc/multiqc_bbduk_adapters/multiqc_data   (-f was specified)
[2026-05-12 09:30:26,687] multiqc                                            [INFO   ]  Data        : ../multiqc/multiqc_bbduk_adapters/multiqc_data
[2026-05-12 09:30:26,688] multiqc                                            [DEBUG  ]  Moving data file from '/home/daniel.castanedamogo/tmp/tmpQ2QKIS/multiqc_data/multiqc_fastqc.txt' to '../multiqc/multiqc_bbduk_adapters/multiqc_data'
[2026-05-12 09:30:26,776] multiqc                                            [DEBUG  ]  Moving data file from '/home/daniel.castanedamogo/tmp/tmpQ2QKIS/multiqc_data/mqc_fastqc_per_base_sequence_quality_plot_1.txt' to '../multiqc/multiqc_bbduk_adapters/multiqc_data'
[2026-05-12 09:30:26,861] multiqc                                            [DEBUG  ]  Moving data file from '/home/daniel.castanedamogo/tmp/tmpQ2QKIS/multiqc_data/mqc_fastqc_per_sequence_quality_scores_plot_1.txt' to '../multiqc/multiqc_bbduk_adapters/multiqc_data'
[2026-05-12 09:30:26,870] multiqc                                            [DEBUG  ]  Moving data file from '/home/daniel.castanedamogo/tmp/tmpQ2QKIS/multiqc_data/mqc_fastqc_per_sequence_gc_content_plot_Percentages.txt' to '../multiqc/multiqc_bbduk_adapters/multiqc_data'
[2026-05-12 09:30:26,910] multiqc                                            [DEBUG  ]  Moving data file from '/home/daniel.castanedamogo/tmp/tmpQ2QKIS/multiqc_data/mqc_fastqc_per_sequence_gc_content_plot_Counts.txt' to '../multiqc/multiqc_bbduk_adapters/multiqc_data'
[2026-05-12 09:30:26,924] multiqc                                            [DEBUG  ]  Moving data file from '/home/daniel.castanedamogo/tmp/tmpQ2QKIS/multiqc_data/mqc_fastqc_per_base_n_content_plot_1.txt' to '../multiqc/multiqc_bbduk_adapters/multiqc_data'
[2026-05-12 09:30:26,931] multiqc                                            [DEBUG  ]  Moving data file from '/home/daniel.castanedamogo/tmp/tmpQ2QKIS/multiqc_data/mqc_fastqc_sequence_length_distribution_plot_1.txt' to '../multiqc/multiqc_bbduk_adapters/multiqc_data'
[2026-05-12 09:30:26,944] multiqc                                            [DEBUG  ]  Moving data file from '/home/daniel.castanedamogo/tmp/tmpQ2QKIS/multiqc_data/mqc_fastqc_sequence_duplication_levels_plot_1.txt' to '../multiqc/multiqc_bbduk_adapters/multiqc_data'
[2026-05-12 09:30:26,975] multiqc                                            [DEBUG  ]  Moving data file from '/home/daniel.castanedamogo/tmp/tmpQ2QKIS/multiqc_data/mqc_fastqc_overrepresented_sequencesi_plot_1.txt' to '../multiqc/multiqc_bbduk_adapters/multiqc_data'
[2026-05-12 09:30:26,980] multiqc                                            [DEBUG  ]  Moving data file from '/home/daniel.castanedamogo/tmp/tmpQ2QKIS/multiqc_data/mqc_fastqc_adapter_content_plot_1.txt' to '../multiqc/multiqc_bbduk_adapters/multiqc_data'
[2026-05-12 09:30:26,990] multiqc                                            [DEBUG  ]  Moving data file from '/home/daniel.castanedamogo/tmp/tmpQ2QKIS/multiqc_data/multiqc_general_stats.txt' to '../multiqc/multiqc_bbduk_adapters/multiqc_data'
[2026-05-12 09:30:26,996] multiqc                                            [DEBUG  ]  Moving data file from '/home/daniel.castanedamogo/tmp/tmpQ2QKIS/multiqc_data/multiqc_sources.txt' to '../multiqc/multiqc_bbduk_adapters/multiqc_data'
[2026-05-12 09:30:27,470] multiqc                                            [INFO   ]  MultiQC complete
