[2026-05-12 13:51:55,371] multiqc                                            [DEBUG  ]  No MultiQC config found: /home/daniel.castanedamogo/anaconda3/envs/multiqc/lib/python2.7/site-packages/multiqc-1.0.dev0-py2.7.egg/multiqc_config.yaml
[2026-05-12 13:51:55,371] multiqc                                            [DEBUG  ]  No MultiQC config found: /home/daniel.castanedamogo/.multiqc_config.yaml
[2026-05-12 13:51:55,372] multiqc                                            [DEBUG  ]  No MultiQC config found: multiqc_config.yaml
[2026-05-12 13:51:55,372] multiqc                                            [DEBUG  ]  Command used: /home/daniel.castanedamogo/anaconda3/envs/multiqc/bin/multiqc . -o ../multiqc/multiqc_bbduk_polyg/
[2026-05-12 13:51:55,372] multiqc                                            [DEBUG  ]  Could not connect to multiqc.info for version check
[2026-05-12 13:51:55,372] multiqc                                            [INFO   ]  This is MultiQC v1.0.dev0
[2026-05-12 13:51:55,372] multiqc                                            [DEBUG  ]  Command     : /home/daniel.castanedamogo/anaconda3/envs/multiqc/bin/multiqc . -o ../multiqc/multiqc_bbduk_polyg/
[2026-05-12 13:51:55,372] multiqc                                            [DEBUG  ]  Working dir : /bulk/IMCshared_bulk/daniel/parkinsons/novaseq/results_0526/fastqc_bbduk_polyg
[2026-05-12 13:51:55,372] multiqc                                            [INFO   ]  Template    : default
[2026-05-12 13:51:55,372] multiqc                                            [INFO   ]  Searching '.'
[2026-05-12 13:51:55,372] multiqc                                            [DEBUG  ]  Analysing modules: custom_content, peddy, methylQA, qualimap, preseq, quast, rseqc, busco, goleft_indexcov, snpeff, gatk, htseq, bcftools, featureCounts, picard, prokka, samblaster, samtools, bamtools, bismark, hicup, salmon, kallisto, slamdunk, star, tophat, bowtie2, bowtie1, cutadapt, trimmomatic, skewer, fastq_screen, fastqc, clusterflow
[2026-05-12 13:51:55,373] multiqc                                            [DEBUG  ]  Using temporary directory for creating report: /home/daniel.castanedamogo/tmp/tmpgrk7jc
[2026-05-12 13:51:56,023] multiqc.modules.custom_content.custom_content      [DEBUG  ]  No custom content found
[2026-05-12 13:51:56,134] multiqc.modules.peddy.peddy                        [DEBUG  ]  Could not find any reports in ('.',)
[2026-05-12 13:51:56,170] multiqc.modules.methylQA.methylQA                  [DEBUG  ]  Could not find any reports in ('.',)
[2026-05-12 13:51:56,184] multiqc.modules.qualimap.QM_BamQC                  [DEBUG  ]  Using default Qualimap thresholds: 1, 5, 10, 30, 50
[2026-05-12 13:51:56,347] multiqc.modules.qualimap.qualimap                  [DEBUG  ]  Could not find any reports in ('.',)
[2026-05-12 13:52:15,462] multiqc.modules.preseq.preseq                      [DEBUG  ]  Could not find any preseq data in ('.',)
[2026-05-12 13:52:15,496] multiqc.modules.quast.quast                        [DEBUG  ]  Could not find any reports in ('.',)
[2026-05-12 13:52:19,186] multiqc.modules.rseqc.rseqc                        [DEBUG  ]  Could not find any reports in ('.',)
[2026-05-12 13:52:19,220] multiqc.modules.busco.busco                        [DEBUG  ]  Could not find any reports in ('.',)
[2026-05-12 13:52:19,283] multiqc.modules.goleft_indexcov.goleft_indexcov    [DEBUG  ]  Did not find goleft indexcov outputs in ('.',)
[2026-05-12 13:52:20,191] multiqc.modules.snpeff.snpeff                      [DEBUG  ]  Could not find any data in ('.',)
[2026-05-12 13:52:21,117] multiqc.modules.gatk.gatk                          [DEBUG  ]  Could not find any reports in ('.',)
[2026-05-12 13:52:22,027] multiqc.modules.htseq.htseq                        [DEBUG  ]  Could not find any reports in ('.',)
[2026-05-12 13:52:22,913] multiqc.modules.bcftools.bcftools                  [DEBUG  ]  Could not find any reports in ('.',)
[2026-05-12 13:52:22,947] multiqc.modules.featureCounts.feature_counts       [DEBUG  ]  Could not find any reports in ('.',)
[2026-05-12 13:52:32,026] multiqc.modules.picard.picard                      [DEBUG  ]  Could not find any reports in ('.',)
[2026-05-12 13:52:32,060] multiqc.modules.prokka.prokka                      [DEBUG  ]  Could not find any Prokka data in ('.',)
[2026-05-12 13:52:33,308] multiqc.modules.samblaster.samblaster              [DEBUG  ]  Could not find any data in ('.',)
[2026-05-12 13:52:36,226] multiqc.modules.samtools.samtools                  [DEBUG  ]  Could not find any reports in ('.',)
[2026-05-12 13:52:37,174] multiqc.modules.bamtools.bamtools                  [DEBUG  ]  Could not find any reports in ('.',)
[2026-05-12 13:52:37,312] multiqc.modules.bismark.bismark                    [DEBUG  ]  Could not find any reports in ('.',)
[2026-05-12 13:52:37,345] multiqc.modules.hicup.hicup                        [DEBUG  ]  Could not find any HiCUP data in ('.',)
[2026-05-12 13:52:37,405] multiqc.modules.salmon.salmon                      [DEBUG  ]  Could not find any Salmon data in ('.',)
[2026-05-12 13:52:38,333] multiqc.modules.kallisto.kallisto                  [DEBUG  ]  Could not find any reports in ('.',)
[2026-05-12 13:52:43,878] multiqc.modules.slamdunk.slamdunk                  [DEBUG  ]  No slamdunk reports found.
[2026-05-12 13:52:43,941] multiqc.modules.star.star                          [DEBUG  ]  Could not find any reports in ('.',)
[2026-05-12 13:52:43,975] multiqc.modules.tophat.tophat                      [DEBUG  ]  Could not find any reports in ('.',)
[2026-05-12 13:52:44,881] multiqc.modules.bowtie2.bowtie2                    [DEBUG  ]  Could not find any reports in ('.',)
[2026-05-12 13:52:45,786] multiqc.modules.bowtie1.bowtie1                    [DEBUG  ]  Could not find any reports in ('.',)
[2026-05-12 13:52:46,713] multiqc.modules.cutadapt.cutadapt                  [DEBUG  ]  Could not find any reports in ('.',)
[2026-05-12 13:52:47,627] multiqc.modules.trimmomatic.trimmomatic            [DEBUG  ]  Could not find any Trimmomatic data in ('.',)
[2026-05-12 13:52:48,508] multiqc.modules.skewer.skewer                      [DEBUG  ]  Could not find any data in ('.',)
[2026-05-12 13:52:48,542] multiqc.modules.fastq_screen.fastq_screen          [DEBUG  ]  Could not find any reports in ('.',)
[2026-05-12 13:52:57,888] multiqc.modules.fastqc.fastqc                      [WARNING]  Couldn't read 'PD_Extr_neg_plate2_1_bbduk_polyg_filt_fastqc.zip' - Bad zip file
[2026-05-12 13:52:57,888] multiqc.modules.fastqc.fastqc                      [DEBUG  ]  Bad zip file error:
File is not a zip file
[2026-05-12 13:52:59,747] multiqc.modules.fastqc.fastqc                      [WARNING]  Couldn't read 'PD_191P_1_bbduk_polyg_filt_fastqc.zip' - Bad zip file
[2026-05-12 13:52:59,747] multiqc.modules.fastqc.fastqc                      [DEBUG  ]  Bad zip file error:
File is not a zip file
[2026-05-12 13:54:09,058] multiqc.modules.fastqc.fastqc                      [INFO   ]  Found 368 reports
[2026-05-12 13:54:31,008] multiqc.modules.clusterflow.clusterflow            [DEBUG  ]  Could not find any reports in ('.',)
[2026-05-12 13:54:31,034] multiqc                                            [INFO   ]  Report      : ../multiqc/multiqc_bbduk_polyg/multiqc_report.html
[2026-05-12 13:54:31,036] multiqc                                            [INFO   ]  Data        : ../multiqc/multiqc_bbduk_polyg/multiqc_data
[2026-05-12 13:54:31,039] multiqc                                            [DEBUG  ]  Moving data file from '/home/daniel.castanedamogo/tmp/tmpgrk7jc/multiqc_data/multiqc_fastqc.txt' to '../multiqc/multiqc_bbduk_polyg/multiqc_data'
[2026-05-12 13:54:31,047] multiqc                                            [DEBUG  ]  Moving data file from '/home/daniel.castanedamogo/tmp/tmpgrk7jc/multiqc_data/mqc_fastqc_per_base_sequence_quality_plot_1.txt' to '../multiqc/multiqc_bbduk_polyg/multiqc_data'
[2026-05-12 13:54:31,067] multiqc                                            [DEBUG  ]  Moving data file from '/home/daniel.castanedamogo/tmp/tmpgrk7jc/multiqc_data/mqc_fastqc_per_sequence_quality_scores_plot_1.txt' to '../multiqc/multiqc_bbduk_polyg/multiqc_data'
[2026-05-12 13:54:31,074] multiqc                                            [DEBUG  ]  Moving data file from '/home/daniel.castanedamogo/tmp/tmpgrk7jc/multiqc_data/mqc_fastqc_per_sequence_gc_content_plot_Percentages.txt' to '../multiqc/multiqc_bbduk_polyg/multiqc_data'
[2026-05-12 13:54:31,094] multiqc                                            [DEBUG  ]  Moving data file from '/home/daniel.castanedamogo/tmp/tmpgrk7jc/multiqc_data/mqc_fastqc_per_sequence_gc_content_plot_Counts.txt' to '../multiqc/multiqc_bbduk_polyg/multiqc_data'
[2026-05-12 13:54:31,107] multiqc                                            [DEBUG  ]  Moving data file from '/home/daniel.castanedamogo/tmp/tmpgrk7jc/multiqc_data/mqc_fastqc_per_base_n_content_plot_1.txt' to '../multiqc/multiqc_bbduk_polyg/multiqc_data'
[2026-05-12 13:54:31,118] multiqc                                            [DEBUG  ]  Moving data file from '/home/daniel.castanedamogo/tmp/tmpgrk7jc/multiqc_data/mqc_fastqc_sequence_length_distribution_plot_1.txt' to '../multiqc/multiqc_bbduk_polyg/multiqc_data'
[2026-05-12 13:54:31,122] multiqc                                            [DEBUG  ]  Moving data file from '/home/daniel.castanedamogo/tmp/tmpgrk7jc/multiqc_data/mqc_fastqc_sequence_duplication_levels_plot_1.txt' to '../multiqc/multiqc_bbduk_polyg/multiqc_data'
[2026-05-12 13:54:31,144] multiqc                                            [DEBUG  ]  Moving data file from '/home/daniel.castanedamogo/tmp/tmpgrk7jc/multiqc_data/mqc_fastqc_overrepresented_sequencesi_plot_1.txt' to '../multiqc/multiqc_bbduk_polyg/multiqc_data'
[2026-05-12 13:54:31,150] multiqc                                            [DEBUG  ]  Moving data file from '/home/daniel.castanedamogo/tmp/tmpgrk7jc/multiqc_data/multiqc_general_stats.txt' to '../multiqc/multiqc_bbduk_polyg/multiqc_data'
[2026-05-12 13:54:31,158] multiqc                                            [DEBUG  ]  Moving data file from '/home/daniel.castanedamogo/tmp/tmpgrk7jc/multiqc_data/multiqc_sources.txt' to '../multiqc/multiqc_bbduk_polyg/multiqc_data'
[2026-05-12 13:54:32,117] multiqc                                            [INFO   ]  MultiQC complete
